

================================================================
== Vitis HLS Report for 'receiver_Pipeline_VITIS_LOOP_161_12'
================================================================
* Date:           Thu May  2 22:09:49 2024

* Version:        2023.1 (Build 3854077 on May  4 2023)
* Project:        receiver
* Solution:       solution1 (Vivado IP Flow Target)
* Product family: zynq
* Target device:  xc7z020-clg400-1


================================================================
== Performance Estimates
================================================================
+ Timing: 
    * Summary: 
    +--------+---------+----------+------------+
    |  Clock |  Target | Estimated| Uncertainty|
    +--------+---------+----------+------------+
    |ap_clk  |  8.00 ns|  5.390 ns|     2.16 ns|
    +--------+---------+----------+------------+

+ Latency: 
    * Summary: 
    +---------+---------+----------+----------+-----+-----+---------+
    |  Latency (cycles) |  Latency (absolute) |  Interval | Pipeline|
    |   min   |   max   |    min   |    max   | min | max |   Type  |
    +---------+---------+----------+----------+-----+-----+---------+
    |       38|       38|  0.304 us|  0.304 us|   38|   38|       no|
    +---------+---------+----------+----------+-----+-----+---------+

    + Detail: 
        * Instance: 
        N/A

        * Loop: 
        +---------------------+---------+---------+----------+-----------+-----------+------+----------+
        |                     |  Latency (cycles) | Iteration|  Initiation Interval  | Trip |          |
        |      Loop Name      |   min   |   max   |  Latency |  achieved |   target  | Count| Pipelined|
        +---------------------+---------+---------+----------+-----------+-----------+------+----------+
        |- VITIS_LOOP_161_12  |       36|       36|         3|          1|          1|    35|       yes|
        +---------------------+---------+---------+----------+-----------+-----------+------+----------+



================================================================
== Utilization Estimates
================================================================
* Summary: 
+-----------------+---------+-----+--------+-------+-----+
|       Name      | BRAM_18K| DSP |   FF   |  LUT  | URAM|
+-----------------+---------+-----+--------+-------+-----+
|DSP              |        -|    -|       -|      -|    -|
|Expression       |        -|    -|       0|   1650|    -|
|FIFO             |        -|    -|       -|      -|    -|
|Instance         |        -|    -|       -|      -|    -|
|Memory           |        -|    -|       -|      -|    -|
|Multiplexer      |        -|    -|       -|     36|    -|
|Register         |        -|    -|    1181|      -|    -|
+-----------------+---------+-----+--------+-------+-----+
|Total            |        0|    0|    1181|   1686|    0|
+-----------------+---------+-----+--------+-------+-----+
|Available        |      280|  220|  106400|  53200|    0|
+-----------------+---------+-----+--------+-------+-----+
|Utilization (%)  |        0|    0|       1|      3|    0|
+-----------------+---------+-----+--------+-------+-----+

+ Detail: 
    * Instance: 
    N/A

    * DSP: 
    N/A

    * Memory: 
    N/A

    * FIFO: 
    N/A

    * Expression: 
    +-------------------------+----------+----+---+----+------------+------------+
    |      Variable Name      | Operation| DSP| FF| LUT| Bitwidth P0| Bitwidth P1|
    +-------------------------+----------+----+---+----+------------+------------+
    |add_ln161_fu_2834_p2     |         +|   0|  0|  12|          12|           7|
    |add_ln163_10_fu_2905_p2  |         +|   0|  0|  25|          18|          18|
    |add_ln163_11_fu_2911_p2  |         +|   0|  0|  25|          18|          18|
    |add_ln163_12_fu_2917_p2  |         +|   0|  0|  25|          18|          18|
    |add_ln163_13_fu_2923_p2  |         +|   0|  0|  25|          18|          18|
    |add_ln163_14_fu_2929_p2  |         +|   0|  0|  25|          18|          18|
    |add_ln163_15_fu_2935_p2  |         +|   0|  0|  25|          18|          18|
    |add_ln163_16_fu_2941_p2  |         +|   0|  0|  25|          18|          18|
    |add_ln163_17_fu_2947_p2  |         +|   0|  0|  25|          18|          18|
    |add_ln163_18_fu_2953_p2  |         +|   0|  0|  25|          18|          18|
    |add_ln163_19_fu_2959_p2  |         +|   0|  0|  25|          18|          18|
    |add_ln163_1_fu_2851_p2   |         +|   0|  0|  25|          18|          18|
    |add_ln163_20_fu_2965_p2  |         +|   0|  0|  25|          18|          18|
    |add_ln163_21_fu_2971_p2  |         +|   0|  0|  25|          18|          18|
    |add_ln163_22_fu_2977_p2  |         +|   0|  0|  25|          18|          18|
    |add_ln163_23_fu_2983_p2  |         +|   0|  0|  25|          18|          18|
    |add_ln163_24_fu_2989_p2  |         +|   0|  0|  25|          18|          18|
    |add_ln163_25_fu_2995_p2  |         +|   0|  0|  25|          18|          18|
    |add_ln163_26_fu_3001_p2  |         +|   0|  0|  25|          18|          18|
    |add_ln163_27_fu_3007_p2  |         +|   0|  0|  25|          18|          18|
    |add_ln163_28_fu_3013_p2  |         +|   0|  0|  25|          18|          18|
    |add_ln163_29_fu_3019_p2  |         +|   0|  0|  25|          18|          18|
    |add_ln163_2_fu_2857_p2   |         +|   0|  0|  25|          18|          18|
    |add_ln163_30_fu_3025_p2  |         +|   0|  0|  25|          18|          18|
    |add_ln163_31_fu_3031_p2  |         +|   0|  0|  25|          18|          18|
    |add_ln163_3_fu_2863_p2   |         +|   0|  0|  25|          18|          18|
    |add_ln163_4_fu_2869_p2   |         +|   0|  0|  25|          18|          18|
    |add_ln163_5_fu_2875_p2   |         +|   0|  0|  25|          18|          18|
    |add_ln163_6_fu_2881_p2   |         +|   0|  0|  25|          18|          18|
    |add_ln163_7_fu_2887_p2   |         +|   0|  0|  25|          18|          18|
    |add_ln163_8_fu_2893_p2   |         +|   0|  0|  25|          18|          18|
    |add_ln163_9_fu_2899_p2   |         +|   0|  0|  25|          18|          18|
    |add_ln163_fu_2845_p2     |         +|   0|  0|  25|          18|          18|
    |add_ln164_10_fu_3097_p2  |         +|   0|  0|  25|          18|          18|
    |add_ln164_11_fu_3103_p2  |         +|   0|  0|  25|          18|          18|
    |add_ln164_12_fu_3109_p2  |         +|   0|  0|  25|          18|          18|
    |add_ln164_13_fu_3115_p2  |         +|   0|  0|  25|          18|          18|
    |add_ln164_14_fu_3121_p2  |         +|   0|  0|  25|          18|          18|
    |add_ln164_15_fu_3127_p2  |         +|   0|  0|  25|          18|          18|
    |add_ln164_16_fu_3133_p2  |         +|   0|  0|  25|          18|          18|
    |add_ln164_17_fu_3139_p2  |         +|   0|  0|  25|          18|          18|
    |add_ln164_18_fu_3145_p2  |         +|   0|  0|  25|          18|          18|
    |add_ln164_19_fu_3151_p2  |         +|   0|  0|  25|          18|          18|
    |add_ln164_1_fu_3043_p2   |         +|   0|  0|  25|          18|          18|
    |add_ln164_20_fu_3157_p2  |         +|   0|  0|  25|          18|          18|
    |add_ln164_21_fu_3163_p2  |         +|   0|  0|  25|          18|          18|
    |add_ln164_22_fu_3169_p2  |         +|   0|  0|  25|          18|          18|
    |add_ln164_23_fu_3175_p2  |         +|   0|  0|  25|          18|          18|
    |add_ln164_24_fu_3181_p2  |         +|   0|  0|  25|          18|          18|
    |add_ln164_25_fu_3187_p2  |         +|   0|  0|  25|          18|          18|
    |add_ln164_26_fu_3193_p2  |         +|   0|  0|  25|          18|          18|
    |add_ln164_27_fu_3199_p2  |         +|   0|  0|  25|          18|          18|
    |add_ln164_28_fu_3205_p2  |         +|   0|  0|  25|          18|          18|
    |add_ln164_29_fu_3211_p2  |         +|   0|  0|  25|          18|          18|
    |add_ln164_2_fu_3049_p2   |         +|   0|  0|  25|          18|          18|
    |add_ln164_30_fu_3217_p2  |         +|   0|  0|  25|          18|          18|
    |add_ln164_31_fu_3223_p2  |         +|   0|  0|  25|          18|          18|
    |add_ln164_3_fu_3055_p2   |         +|   0|  0|  25|          18|          18|
    |add_ln164_4_fu_3061_p2   |         +|   0|  0|  25|          18|          18|
    |add_ln164_5_fu_3067_p2   |         +|   0|  0|  25|          18|          18|
    |add_ln164_6_fu_3073_p2   |         +|   0|  0|  25|          18|          18|
    |add_ln164_7_fu_3079_p2   |         +|   0|  0|  25|          18|          18|
    |add_ln164_8_fu_3085_p2   |         +|   0|  0|  25|          18|          18|
    |add_ln164_9_fu_3091_p2   |         +|   0|  0|  25|          18|          18|
    |add_ln164_fu_3037_p2     |         +|   0|  0|  25|          18|          18|
    |icmp_ln161_fu_2646_p2    |      icmp|   0|  0|  12|          12|          12|
    |or_ln163_1_fu_2750_p2    |        or|   0|  0|   8|           8|           2|
    |or_ln163_2_fu_2792_p2    |        or|   0|  0|   8|           8|           2|
    |or_ln163_fu_2708_p2      |        or|   0|  0|   8|           8|           1|
    |ap_enable_pp0            |       xor|   0|  0|   2|           1|           2|
    +-------------------------+----------+----+---+----+------------+------------+
    |Total                    |          |   0|  0|1650|        1201|        1178|
    +-------------------------+----------+----+---+----+------------+------------+

    * Multiplexer: 
    +-------------------------+----+-----------+-----+-----------+
    |           Name          | LUT| Input Size| Bits| Total Bits|
    +-------------------------+----+-----------+-----+-----------+
    |ap_done_int              |   9|          2|    1|          2|
    |ap_enable_reg_pp0_iter1  |   9|          2|    1|          2|
    |ap_sig_allocacmp_i       |   9|          2|   12|         24|
    |i_11_fu_234              |   9|          2|   12|         24|
    +-------------------------+----+-----------+-----+-----------+
    |Total                    |  36|          8|   26|         52|
    +-------------------------+----+-----------+-----+-----------+

    * Register: 
    +----------------------------------+----+----+-----+-----------+
    |               Name               | FF | LUT| Bits| Const Bits|
    +----------------------------------+----+----+-----+-----------+
    |add_ln163_10_reg_4002             |  18|   0|   18|          0|
    |add_ln163_11_reg_4007             |  18|   0|   18|          0|
    |add_ln163_12_reg_4012             |  18|   0|   18|          0|
    |add_ln163_13_reg_4017             |  18|   0|   18|          0|
    |add_ln163_14_reg_4022             |  18|   0|   18|          0|
    |add_ln163_15_reg_4027             |  18|   0|   18|          0|
    |add_ln163_16_reg_4032             |  18|   0|   18|          0|
    |add_ln163_17_reg_4037             |  18|   0|   18|          0|
    |add_ln163_18_reg_4042             |  18|   0|   18|          0|
    |add_ln163_19_reg_4047             |  18|   0|   18|          0|
    |add_ln163_1_reg_3957              |  18|   0|   18|          0|
    |add_ln163_20_reg_4052             |  18|   0|   18|          0|
    |add_ln163_21_reg_4057             |  18|   0|   18|          0|
    |add_ln163_22_reg_4062             |  18|   0|   18|          0|
    |add_ln163_23_reg_4067             |  18|   0|   18|          0|
    |add_ln163_24_reg_4072             |  18|   0|   18|          0|
    |add_ln163_25_reg_4077             |  18|   0|   18|          0|
    |add_ln163_26_reg_4082             |  18|   0|   18|          0|
    |add_ln163_27_reg_4087             |  18|   0|   18|          0|
    |add_ln163_28_reg_4092             |  18|   0|   18|          0|
    |add_ln163_29_reg_4097             |  18|   0|   18|          0|
    |add_ln163_2_reg_3962              |  18|   0|   18|          0|
    |add_ln163_30_reg_4102             |  18|   0|   18|          0|
    |add_ln163_31_reg_4107             |  18|   0|   18|          0|
    |add_ln163_3_reg_3967              |  18|   0|   18|          0|
    |add_ln163_4_reg_3972              |  18|   0|   18|          0|
    |add_ln163_5_reg_3977              |  18|   0|   18|          0|
    |add_ln163_6_reg_3982              |  18|   0|   18|          0|
    |add_ln163_7_reg_3987              |  18|   0|   18|          0|
    |add_ln163_8_reg_3992              |  18|   0|   18|          0|
    |add_ln163_9_reg_3997              |  18|   0|   18|          0|
    |add_ln163_reg_3952                |  18|   0|   18|          0|
    |add_ln164_10_reg_4162             |  18|   0|   18|          0|
    |add_ln164_11_reg_4167             |  18|   0|   18|          0|
    |add_ln164_12_reg_4172             |  18|   0|   18|          0|
    |add_ln164_13_reg_4177             |  18|   0|   18|          0|
    |add_ln164_14_reg_4182             |  18|   0|   18|          0|
    |add_ln164_15_reg_4187             |  18|   0|   18|          0|
    |add_ln164_16_reg_4192             |  18|   0|   18|          0|
    |add_ln164_17_reg_4197             |  18|   0|   18|          0|
    |add_ln164_18_reg_4202             |  18|   0|   18|          0|
    |add_ln164_19_reg_4207             |  18|   0|   18|          0|
    |add_ln164_1_reg_4117              |  18|   0|   18|          0|
    |add_ln164_20_reg_4212             |  18|   0|   18|          0|
    |add_ln164_21_reg_4217             |  18|   0|   18|          0|
    |add_ln164_22_reg_4222             |  18|   0|   18|          0|
    |add_ln164_23_reg_4227             |  18|   0|   18|          0|
    |add_ln164_24_reg_4232             |  18|   0|   18|          0|
    |add_ln164_25_reg_4237             |  18|   0|   18|          0|
    |add_ln164_26_reg_4242             |  18|   0|   18|          0|
    |add_ln164_27_reg_4247             |  18|   0|   18|          0|
    |add_ln164_28_reg_4252             |  18|   0|   18|          0|
    |add_ln164_29_reg_4257             |  18|   0|   18|          0|
    |add_ln164_2_reg_4122              |  18|   0|   18|          0|
    |add_ln164_30_reg_4262             |  18|   0|   18|          0|
    |add_ln164_31_reg_4267             |  18|   0|   18|          0|
    |add_ln164_3_reg_4127              |  18|   0|   18|          0|
    |add_ln164_4_reg_4132              |  18|   0|   18|          0|
    |add_ln164_5_reg_4137              |  18|   0|   18|          0|
    |add_ln164_6_reg_4142              |  18|   0|   18|          0|
    |add_ln164_7_reg_4147              |  18|   0|   18|          0|
    |add_ln164_8_reg_4152              |  18|   0|   18|          0|
    |add_ln164_9_reg_4157              |  18|   0|   18|          0|
    |add_ln164_reg_4112                |  18|   0|   18|          0|
    |ap_CS_fsm                         |   1|   0|    1|          0|
    |ap_done_reg                       |   1|   0|    1|          0|
    |ap_enable_reg_pp0_iter1           |   1|   0|    1|          0|
    |ap_enable_reg_pp0_iter2           |   1|   0|    1|          0|
    |ap_loop_exit_ready_pp0_iter1_reg  |   1|   0|    1|          0|
    |i_11_fu_234                       |  12|   0|   12|          0|
    |lshr_ln4_reg_3317                 |   6|   0|    6|          0|
    |lshr_ln4_reg_3317_pp0_iter1_reg   |   6|   0|    6|          0|
    +----------------------------------+----+----+-----+-----------+
    |Total                             |1181|   0| 1181|          0|
    +----------------------------------+----+----+-----+-----------+



================================================================
== Interface
================================================================
* Summary: 
+---------------------+-----+-----+------------+-------------------------------------+--------------+
|      RTL Ports      | Dir | Bits|  Protocol  |            Source Object            |    C Type    |
+---------------------+-----+-----+------------+-------------------------------------+--------------+
|ap_clk               |   in|    1|  ap_ctrl_hs|  receiver_Pipeline_VITIS_LOOP_161_12|  return value|
|ap_rst               |   in|    1|  ap_ctrl_hs|  receiver_Pipeline_VITIS_LOOP_161_12|  return value|
|ap_start             |   in|    1|  ap_ctrl_hs|  receiver_Pipeline_VITIS_LOOP_161_12|  return value|
|ap_done              |  out|    1|  ap_ctrl_hs|  receiver_Pipeline_VITIS_LOOP_161_12|  return value|
|ap_idle              |  out|    1|  ap_ctrl_hs|  receiver_Pipeline_VITIS_LOOP_161_12|  return value|
|ap_ready             |  out|    1|  ap_ctrl_hs|  receiver_Pipeline_VITIS_LOOP_161_12|  return value|
|arr_I_address0       |  out|    8|   ap_memory|                                arr_I|         array|
|arr_I_ce0            |  out|    1|   ap_memory|                                arr_I|         array|
|arr_I_q0             |   in|   18|   ap_memory|                                arr_I|         array|
|arr_I_address1       |  out|    8|   ap_memory|                                arr_I|         array|
|arr_I_ce1            |  out|    1|   ap_memory|                                arr_I|         array|
|arr_I_q1             |   in|   18|   ap_memory|                                arr_I|         array|
|arr_I_address2       |  out|    8|   ap_memory|                                arr_I|         array|
|arr_I_ce2            |  out|    1|   ap_memory|                                arr_I|         array|
|arr_I_q2             |   in|   18|   ap_memory|                                arr_I|         array|
|arr_I_address3       |  out|    8|   ap_memory|                                arr_I|         array|
|arr_I_ce3            |  out|    1|   ap_memory|                                arr_I|         array|
|arr_I_q3             |   in|   18|   ap_memory|                                arr_I|         array|
|arr_I_1_address0     |  out|    8|   ap_memory|                              arr_I_1|         array|
|arr_I_1_ce0          |  out|    1|   ap_memory|                              arr_I_1|         array|
|arr_I_1_q0           |   in|   18|   ap_memory|                              arr_I_1|         array|
|arr_I_1_address1     |  out|    8|   ap_memory|                              arr_I_1|         array|
|arr_I_1_ce1          |  out|    1|   ap_memory|                              arr_I_1|         array|
|arr_I_1_q1           |   in|   18|   ap_memory|                              arr_I_1|         array|
|arr_I_1_address2     |  out|    8|   ap_memory|                              arr_I_1|         array|
|arr_I_1_ce2          |  out|    1|   ap_memory|                              arr_I_1|         array|
|arr_I_1_q2           |   in|   18|   ap_memory|                              arr_I_1|         array|
|arr_I_1_address3     |  out|    8|   ap_memory|                              arr_I_1|         array|
|arr_I_1_ce3          |  out|    1|   ap_memory|                              arr_I_1|         array|
|arr_I_1_q3           |   in|   18|   ap_memory|                              arr_I_1|         array|
|arr_1_I_address0     |  out|    6|   ap_memory|                              arr_1_I|         array|
|arr_1_I_ce0          |  out|    1|   ap_memory|                              arr_1_I|         array|
|arr_1_I_we0          |  out|    1|   ap_memory|                              arr_1_I|         array|
|arr_1_I_d0           |  out|   18|   ap_memory|                              arr_1_I|         array|
|arr_Q_address0       |  out|    8|   ap_memory|                                arr_Q|         array|
|arr_Q_ce0            |  out|    1|   ap_memory|                                arr_Q|         array|
|arr_Q_q0             |   in|   18|   ap_memory|                                arr_Q|         array|
|arr_Q_address1       |  out|    8|   ap_memory|                                arr_Q|         array|
|arr_Q_ce1            |  out|    1|   ap_memory|                                arr_Q|         array|
|arr_Q_q1             |   in|   18|   ap_memory|                                arr_Q|         array|
|arr_Q_address2       |  out|    8|   ap_memory|                                arr_Q|         array|
|arr_Q_ce2            |  out|    1|   ap_memory|                                arr_Q|         array|
|arr_Q_q2             |   in|   18|   ap_memory|                                arr_Q|         array|
|arr_Q_address3       |  out|    8|   ap_memory|                                arr_Q|         array|
|arr_Q_ce3            |  out|    1|   ap_memory|                                arr_Q|         array|
|arr_Q_q3             |   in|   18|   ap_memory|                                arr_Q|         array|
|arr_Q_1_address0     |  out|    8|   ap_memory|                              arr_Q_1|         array|
|arr_Q_1_ce0          |  out|    1|   ap_memory|                              arr_Q_1|         array|
|arr_Q_1_q0           |   in|   18|   ap_memory|                              arr_Q_1|         array|
|arr_Q_1_address1     |  out|    8|   ap_memory|                              arr_Q_1|         array|
|arr_Q_1_ce1          |  out|    1|   ap_memory|                              arr_Q_1|         array|
|arr_Q_1_q1           |   in|   18|   ap_memory|                              arr_Q_1|         array|
|arr_Q_1_address2     |  out|    8|   ap_memory|                              arr_Q_1|         array|
|arr_Q_1_ce2          |  out|    1|   ap_memory|                              arr_Q_1|         array|
|arr_Q_1_q2           |   in|   18|   ap_memory|                              arr_Q_1|         array|
|arr_Q_1_address3     |  out|    8|   ap_memory|                              arr_Q_1|         array|
|arr_Q_1_ce3          |  out|    1|   ap_memory|                              arr_Q_1|         array|
|arr_Q_1_q3           |   in|   18|   ap_memory|                              arr_Q_1|         array|
|arr_1_Q_address0     |  out|    6|   ap_memory|                              arr_1_Q|         array|
|arr_1_Q_ce0          |  out|    1|   ap_memory|                              arr_1_Q|         array|
|arr_1_Q_we0          |  out|    1|   ap_memory|                              arr_1_Q|         array|
|arr_1_Q_d0           |  out|   18|   ap_memory|                              arr_1_Q|         array|
|arr_I_2_address0     |  out|    8|   ap_memory|                              arr_I_2|         array|
|arr_I_2_ce0          |  out|    1|   ap_memory|                              arr_I_2|         array|
|arr_I_2_q0           |   in|   18|   ap_memory|                              arr_I_2|         array|
|arr_I_2_address1     |  out|    8|   ap_memory|                              arr_I_2|         array|
|arr_I_2_ce1          |  out|    1|   ap_memory|                              arr_I_2|         array|
|arr_I_2_q1           |   in|   18|   ap_memory|                              arr_I_2|         array|
|arr_I_2_address2     |  out|    8|   ap_memory|                              arr_I_2|         array|
|arr_I_2_ce2          |  out|    1|   ap_memory|                              arr_I_2|         array|
|arr_I_2_q2           |   in|   18|   ap_memory|                              arr_I_2|         array|
|arr_I_2_address3     |  out|    8|   ap_memory|                              arr_I_2|         array|
|arr_I_2_ce3          |  out|    1|   ap_memory|                              arr_I_2|         array|
|arr_I_2_q3           |   in|   18|   ap_memory|                              arr_I_2|         array|
|arr_I_3_address0     |  out|    8|   ap_memory|                              arr_I_3|         array|
|arr_I_3_ce0          |  out|    1|   ap_memory|                              arr_I_3|         array|
|arr_I_3_q0           |   in|   18|   ap_memory|                              arr_I_3|         array|
|arr_I_3_address1     |  out|    8|   ap_memory|                              arr_I_3|         array|
|arr_I_3_ce1          |  out|    1|   ap_memory|                              arr_I_3|         array|
|arr_I_3_q1           |   in|   18|   ap_memory|                              arr_I_3|         array|
|arr_I_3_address2     |  out|    8|   ap_memory|                              arr_I_3|         array|
|arr_I_3_ce2          |  out|    1|   ap_memory|                              arr_I_3|         array|
|arr_I_3_q2           |   in|   18|   ap_memory|                              arr_I_3|         array|
|arr_I_3_address3     |  out|    8|   ap_memory|                              arr_I_3|         array|
|arr_I_3_ce3          |  out|    1|   ap_memory|                              arr_I_3|         array|
|arr_I_3_q3           |   in|   18|   ap_memory|                              arr_I_3|         array|
|arr_1_I_1_address0   |  out|    6|   ap_memory|                            arr_1_I_1|         array|
|arr_1_I_1_ce0        |  out|    1|   ap_memory|                            arr_1_I_1|         array|
|arr_1_I_1_we0        |  out|    1|   ap_memory|                            arr_1_I_1|         array|
|arr_1_I_1_d0         |  out|   18|   ap_memory|                            arr_1_I_1|         array|
|arr_Q_2_address0     |  out|    8|   ap_memory|                              arr_Q_2|         array|
|arr_Q_2_ce0          |  out|    1|   ap_memory|                              arr_Q_2|         array|
|arr_Q_2_q0           |   in|   18|   ap_memory|                              arr_Q_2|         array|
|arr_Q_2_address1     |  out|    8|   ap_memory|                              arr_Q_2|         array|
|arr_Q_2_ce1          |  out|    1|   ap_memory|                              arr_Q_2|         array|
|arr_Q_2_q1           |   in|   18|   ap_memory|                              arr_Q_2|         array|
|arr_Q_2_address2     |  out|    8|   ap_memory|                              arr_Q_2|         array|
|arr_Q_2_ce2          |  out|    1|   ap_memory|                              arr_Q_2|         array|
|arr_Q_2_q2           |   in|   18|   ap_memory|                              arr_Q_2|         array|
|arr_Q_2_address3     |  out|    8|   ap_memory|                              arr_Q_2|         array|
|arr_Q_2_ce3          |  out|    1|   ap_memory|                              arr_Q_2|         array|
|arr_Q_2_q3           |   in|   18|   ap_memory|                              arr_Q_2|         array|
|arr_Q_3_address0     |  out|    8|   ap_memory|                              arr_Q_3|         array|
|arr_Q_3_ce0          |  out|    1|   ap_memory|                              arr_Q_3|         array|
|arr_Q_3_q0           |   in|   18|   ap_memory|                              arr_Q_3|         array|
|arr_Q_3_address1     |  out|    8|   ap_memory|                              arr_Q_3|         array|
|arr_Q_3_ce1          |  out|    1|   ap_memory|                              arr_Q_3|         array|
|arr_Q_3_q1           |   in|   18|   ap_memory|                              arr_Q_3|         array|
|arr_Q_3_address2     |  out|    8|   ap_memory|                              arr_Q_3|         array|
|arr_Q_3_ce2          |  out|    1|   ap_memory|                              arr_Q_3|         array|
|arr_Q_3_q2           |   in|   18|   ap_memory|                              arr_Q_3|         array|
|arr_Q_3_address3     |  out|    8|   ap_memory|                              arr_Q_3|         array|
|arr_Q_3_ce3          |  out|    1|   ap_memory|                              arr_Q_3|         array|
|arr_Q_3_q3           |   in|   18|   ap_memory|                              arr_Q_3|         array|
|arr_1_Q_1_address0   |  out|    6|   ap_memory|                            arr_1_Q_1|         array|
|arr_1_Q_1_ce0        |  out|    1|   ap_memory|                            arr_1_Q_1|         array|
|arr_1_Q_1_we0        |  out|    1|   ap_memory|                            arr_1_Q_1|         array|
|arr_1_Q_1_d0         |  out|   18|   ap_memory|                            arr_1_Q_1|         array|
|arr_I_4_address0     |  out|    8|   ap_memory|                              arr_I_4|         array|
|arr_I_4_ce0          |  out|    1|   ap_memory|                              arr_I_4|         array|
|arr_I_4_q0           |   in|   18|   ap_memory|                              arr_I_4|         array|
|arr_I_4_address1     |  out|    8|   ap_memory|                              arr_I_4|         array|
|arr_I_4_ce1          |  out|    1|   ap_memory|                              arr_I_4|         array|
|arr_I_4_q1           |   in|   18|   ap_memory|                              arr_I_4|         array|
|arr_I_4_address2     |  out|    8|   ap_memory|                              arr_I_4|         array|
|arr_I_4_ce2          |  out|    1|   ap_memory|                              arr_I_4|         array|
|arr_I_4_q2           |   in|   18|   ap_memory|                              arr_I_4|         array|
|arr_I_4_address3     |  out|    8|   ap_memory|                              arr_I_4|         array|
|arr_I_4_ce3          |  out|    1|   ap_memory|                              arr_I_4|         array|
|arr_I_4_q3           |   in|   18|   ap_memory|                              arr_I_4|         array|
|arr_I_5_address0     |  out|    8|   ap_memory|                              arr_I_5|         array|
|arr_I_5_ce0          |  out|    1|   ap_memory|                              arr_I_5|         array|
|arr_I_5_q0           |   in|   18|   ap_memory|                              arr_I_5|         array|
|arr_I_5_address1     |  out|    8|   ap_memory|                              arr_I_5|         array|
|arr_I_5_ce1          |  out|    1|   ap_memory|                              arr_I_5|         array|
|arr_I_5_q1           |   in|   18|   ap_memory|                              arr_I_5|         array|
|arr_I_5_address2     |  out|    8|   ap_memory|                              arr_I_5|         array|
|arr_I_5_ce2          |  out|    1|   ap_memory|                              arr_I_5|         array|
|arr_I_5_q2           |   in|   18|   ap_memory|                              arr_I_5|         array|
|arr_I_5_address3     |  out|    8|   ap_memory|                              arr_I_5|         array|
|arr_I_5_ce3          |  out|    1|   ap_memory|                              arr_I_5|         array|
|arr_I_5_q3           |   in|   18|   ap_memory|                              arr_I_5|         array|
|arr_1_I_2_address0   |  out|    6|   ap_memory|                            arr_1_I_2|         array|
|arr_1_I_2_ce0        |  out|    1|   ap_memory|                            arr_1_I_2|         array|
|arr_1_I_2_we0        |  out|    1|   ap_memory|                            arr_1_I_2|         array|
|arr_1_I_2_d0         |  out|   18|   ap_memory|                            arr_1_I_2|         array|
|arr_Q_4_address0     |  out|    8|   ap_memory|                              arr_Q_4|         array|
|arr_Q_4_ce0          |  out|    1|   ap_memory|                              arr_Q_4|         array|
|arr_Q_4_q0           |   in|   18|   ap_memory|                              arr_Q_4|         array|
|arr_Q_4_address1     |  out|    8|   ap_memory|                              arr_Q_4|         array|
|arr_Q_4_ce1          |  out|    1|   ap_memory|                              arr_Q_4|         array|
|arr_Q_4_q1           |   in|   18|   ap_memory|                              arr_Q_4|         array|
|arr_Q_4_address2     |  out|    8|   ap_memory|                              arr_Q_4|         array|
|arr_Q_4_ce2          |  out|    1|   ap_memory|                              arr_Q_4|         array|
|arr_Q_4_q2           |   in|   18|   ap_memory|                              arr_Q_4|         array|
|arr_Q_4_address3     |  out|    8|   ap_memory|                              arr_Q_4|         array|
|arr_Q_4_ce3          |  out|    1|   ap_memory|                              arr_Q_4|         array|
|arr_Q_4_q3           |   in|   18|   ap_memory|                              arr_Q_4|         array|
|arr_Q_5_address0     |  out|    8|   ap_memory|                              arr_Q_5|         array|
|arr_Q_5_ce0          |  out|    1|   ap_memory|                              arr_Q_5|         array|
|arr_Q_5_q0           |   in|   18|   ap_memory|                              arr_Q_5|         array|
|arr_Q_5_address1     |  out|    8|   ap_memory|                              arr_Q_5|         array|
|arr_Q_5_ce1          |  out|    1|   ap_memory|                              arr_Q_5|         array|
|arr_Q_5_q1           |   in|   18|   ap_memory|                              arr_Q_5|         array|
|arr_Q_5_address2     |  out|    8|   ap_memory|                              arr_Q_5|         array|
|arr_Q_5_ce2          |  out|    1|   ap_memory|                              arr_Q_5|         array|
|arr_Q_5_q2           |   in|   18|   ap_memory|                              arr_Q_5|         array|
|arr_Q_5_address3     |  out|    8|   ap_memory|                              arr_Q_5|         array|
|arr_Q_5_ce3          |  out|    1|   ap_memory|                              arr_Q_5|         array|
|arr_Q_5_q3           |   in|   18|   ap_memory|                              arr_Q_5|         array|
|arr_1_Q_2_address0   |  out|    6|   ap_memory|                            arr_1_Q_2|         array|
|arr_1_Q_2_ce0        |  out|    1|   ap_memory|                            arr_1_Q_2|         array|
|arr_1_Q_2_we0        |  out|    1|   ap_memory|                            arr_1_Q_2|         array|
|arr_1_Q_2_d0         |  out|   18|   ap_memory|                            arr_1_Q_2|         array|
|arr_I_6_address0     |  out|    8|   ap_memory|                              arr_I_6|         array|
|arr_I_6_ce0          |  out|    1|   ap_memory|                              arr_I_6|         array|
|arr_I_6_q0           |   in|   18|   ap_memory|                              arr_I_6|         array|
|arr_I_6_address1     |  out|    8|   ap_memory|                              arr_I_6|         array|
|arr_I_6_ce1          |  out|    1|   ap_memory|                              arr_I_6|         array|
|arr_I_6_q1           |   in|   18|   ap_memory|                              arr_I_6|         array|
|arr_I_6_address2     |  out|    8|   ap_memory|                              arr_I_6|         array|
|arr_I_6_ce2          |  out|    1|   ap_memory|                              arr_I_6|         array|
|arr_I_6_q2           |   in|   18|   ap_memory|                              arr_I_6|         array|
|arr_I_6_address3     |  out|    8|   ap_memory|                              arr_I_6|         array|
|arr_I_6_ce3          |  out|    1|   ap_memory|                              arr_I_6|         array|
|arr_I_6_q3           |   in|   18|   ap_memory|                              arr_I_6|         array|
|arr_I_7_address0     |  out|    8|   ap_memory|                              arr_I_7|         array|
|arr_I_7_ce0          |  out|    1|   ap_memory|                              arr_I_7|         array|
|arr_I_7_q0           |   in|   18|   ap_memory|                              arr_I_7|         array|
|arr_I_7_address1     |  out|    8|   ap_memory|                              arr_I_7|         array|
|arr_I_7_ce1          |  out|    1|   ap_memory|                              arr_I_7|         array|
|arr_I_7_q1           |   in|   18|   ap_memory|                              arr_I_7|         array|
|arr_I_7_address2     |  out|    8|   ap_memory|                              arr_I_7|         array|
|arr_I_7_ce2          |  out|    1|   ap_memory|                              arr_I_7|         array|
|arr_I_7_q2           |   in|   18|   ap_memory|                              arr_I_7|         array|
|arr_I_7_address3     |  out|    8|   ap_memory|                              arr_I_7|         array|
|arr_I_7_ce3          |  out|    1|   ap_memory|                              arr_I_7|         array|
|arr_I_7_q3           |   in|   18|   ap_memory|                              arr_I_7|         array|
|arr_1_I_3_address0   |  out|    6|   ap_memory|                            arr_1_I_3|         array|
|arr_1_I_3_ce0        |  out|    1|   ap_memory|                            arr_1_I_3|         array|
|arr_1_I_3_we0        |  out|    1|   ap_memory|                            arr_1_I_3|         array|
|arr_1_I_3_d0         |  out|   18|   ap_memory|                            arr_1_I_3|         array|
|arr_Q_6_address0     |  out|    8|   ap_memory|                              arr_Q_6|         array|
|arr_Q_6_ce0          |  out|    1|   ap_memory|                              arr_Q_6|         array|
|arr_Q_6_q0           |   in|   18|   ap_memory|                              arr_Q_6|         array|
|arr_Q_6_address1     |  out|    8|   ap_memory|                              arr_Q_6|         array|
|arr_Q_6_ce1          |  out|    1|   ap_memory|                              arr_Q_6|         array|
|arr_Q_6_q1           |   in|   18|   ap_memory|                              arr_Q_6|         array|
|arr_Q_6_address2     |  out|    8|   ap_memory|                              arr_Q_6|         array|
|arr_Q_6_ce2          |  out|    1|   ap_memory|                              arr_Q_6|         array|
|arr_Q_6_q2           |   in|   18|   ap_memory|                              arr_Q_6|         array|
|arr_Q_6_address3     |  out|    8|   ap_memory|                              arr_Q_6|         array|
|arr_Q_6_ce3          |  out|    1|   ap_memory|                              arr_Q_6|         array|
|arr_Q_6_q3           |   in|   18|   ap_memory|                              arr_Q_6|         array|
|arr_Q_7_address0     |  out|    8|   ap_memory|                              arr_Q_7|         array|
|arr_Q_7_ce0          |  out|    1|   ap_memory|                              arr_Q_7|         array|
|arr_Q_7_q0           |   in|   18|   ap_memory|                              arr_Q_7|         array|
|arr_Q_7_address1     |  out|    8|   ap_memory|                              arr_Q_7|         array|
|arr_Q_7_ce1          |  out|    1|   ap_memory|                              arr_Q_7|         array|
|arr_Q_7_q1           |   in|   18|   ap_memory|                              arr_Q_7|         array|
|arr_Q_7_address2     |  out|    8|   ap_memory|                              arr_Q_7|         array|
|arr_Q_7_ce2          |  out|    1|   ap_memory|                              arr_Q_7|         array|
|arr_Q_7_q2           |   in|   18|   ap_memory|                              arr_Q_7|         array|
|arr_Q_7_address3     |  out|    8|   ap_memory|                              arr_Q_7|         array|
|arr_Q_7_ce3          |  out|    1|   ap_memory|                              arr_Q_7|         array|
|arr_Q_7_q3           |   in|   18|   ap_memory|                              arr_Q_7|         array|
|arr_1_Q_3_address0   |  out|    6|   ap_memory|                            arr_1_Q_3|         array|
|arr_1_Q_3_ce0        |  out|    1|   ap_memory|                            arr_1_Q_3|         array|
|arr_1_Q_3_we0        |  out|    1|   ap_memory|                            arr_1_Q_3|         array|
|arr_1_Q_3_d0         |  out|   18|   ap_memory|                            arr_1_Q_3|         array|
|arr_I_8_address0     |  out|    8|   ap_memory|                              arr_I_8|         array|
|arr_I_8_ce0          |  out|    1|   ap_memory|                              arr_I_8|         array|
|arr_I_8_q0           |   in|   18|   ap_memory|                              arr_I_8|         array|
|arr_I_8_address1     |  out|    8|   ap_memory|                              arr_I_8|         array|
|arr_I_8_ce1          |  out|    1|   ap_memory|                              arr_I_8|         array|
|arr_I_8_q1           |   in|   18|   ap_memory|                              arr_I_8|         array|
|arr_I_8_address2     |  out|    8|   ap_memory|                              arr_I_8|         array|
|arr_I_8_ce2          |  out|    1|   ap_memory|                              arr_I_8|         array|
|arr_I_8_q2           |   in|   18|   ap_memory|                              arr_I_8|         array|
|arr_I_8_address3     |  out|    8|   ap_memory|                              arr_I_8|         array|
|arr_I_8_ce3          |  out|    1|   ap_memory|                              arr_I_8|         array|
|arr_I_8_q3           |   in|   18|   ap_memory|                              arr_I_8|         array|
|arr_I_9_address0     |  out|    8|   ap_memory|                              arr_I_9|         array|
|arr_I_9_ce0          |  out|    1|   ap_memory|                              arr_I_9|         array|
|arr_I_9_q0           |   in|   18|   ap_memory|                              arr_I_9|         array|
|arr_I_9_address1     |  out|    8|   ap_memory|                              arr_I_9|         array|
|arr_I_9_ce1          |  out|    1|   ap_memory|                              arr_I_9|         array|
|arr_I_9_q1           |   in|   18|   ap_memory|                              arr_I_9|         array|
|arr_I_9_address2     |  out|    8|   ap_memory|                              arr_I_9|         array|
|arr_I_9_ce2          |  out|    1|   ap_memory|                              arr_I_9|         array|
|arr_I_9_q2           |   in|   18|   ap_memory|                              arr_I_9|         array|
|arr_I_9_address3     |  out|    8|   ap_memory|                              arr_I_9|         array|
|arr_I_9_ce3          |  out|    1|   ap_memory|                              arr_I_9|         array|
|arr_I_9_q3           |   in|   18|   ap_memory|                              arr_I_9|         array|
|arr_1_I_4_address0   |  out|    6|   ap_memory|                            arr_1_I_4|         array|
|arr_1_I_4_ce0        |  out|    1|   ap_memory|                            arr_1_I_4|         array|
|arr_1_I_4_we0        |  out|    1|   ap_memory|                            arr_1_I_4|         array|
|arr_1_I_4_d0         |  out|   18|   ap_memory|                            arr_1_I_4|         array|
|arr_Q_8_address0     |  out|    8|   ap_memory|                              arr_Q_8|         array|
|arr_Q_8_ce0          |  out|    1|   ap_memory|                              arr_Q_8|         array|
|arr_Q_8_q0           |   in|   18|   ap_memory|                              arr_Q_8|         array|
|arr_Q_8_address1     |  out|    8|   ap_memory|                              arr_Q_8|         array|
|arr_Q_8_ce1          |  out|    1|   ap_memory|                              arr_Q_8|         array|
|arr_Q_8_q1           |   in|   18|   ap_memory|                              arr_Q_8|         array|
|arr_Q_8_address2     |  out|    8|   ap_memory|                              arr_Q_8|         array|
|arr_Q_8_ce2          |  out|    1|   ap_memory|                              arr_Q_8|         array|
|arr_Q_8_q2           |   in|   18|   ap_memory|                              arr_Q_8|         array|
|arr_Q_8_address3     |  out|    8|   ap_memory|                              arr_Q_8|         array|
|arr_Q_8_ce3          |  out|    1|   ap_memory|                              arr_Q_8|         array|
|arr_Q_8_q3           |   in|   18|   ap_memory|                              arr_Q_8|         array|
|arr_Q_9_address0     |  out|    8|   ap_memory|                              arr_Q_9|         array|
|arr_Q_9_ce0          |  out|    1|   ap_memory|                              arr_Q_9|         array|
|arr_Q_9_q0           |   in|   18|   ap_memory|                              arr_Q_9|         array|
|arr_Q_9_address1     |  out|    8|   ap_memory|                              arr_Q_9|         array|
|arr_Q_9_ce1          |  out|    1|   ap_memory|                              arr_Q_9|         array|
|arr_Q_9_q1           |   in|   18|   ap_memory|                              arr_Q_9|         array|
|arr_Q_9_address2     |  out|    8|   ap_memory|                              arr_Q_9|         array|
|arr_Q_9_ce2          |  out|    1|   ap_memory|                              arr_Q_9|         array|
|arr_Q_9_q2           |   in|   18|   ap_memory|                              arr_Q_9|         array|
|arr_Q_9_address3     |  out|    8|   ap_memory|                              arr_Q_9|         array|
|arr_Q_9_ce3          |  out|    1|   ap_memory|                              arr_Q_9|         array|
|arr_Q_9_q3           |   in|   18|   ap_memory|                              arr_Q_9|         array|
|arr_1_Q_4_address0   |  out|    6|   ap_memory|                            arr_1_Q_4|         array|
|arr_1_Q_4_ce0        |  out|    1|   ap_memory|                            arr_1_Q_4|         array|
|arr_1_Q_4_we0        |  out|    1|   ap_memory|                            arr_1_Q_4|         array|
|arr_1_Q_4_d0         |  out|   18|   ap_memory|                            arr_1_Q_4|         array|
|arr_I_10_address0    |  out|    8|   ap_memory|                             arr_I_10|         array|
|arr_I_10_ce0         |  out|    1|   ap_memory|                             arr_I_10|         array|
|arr_I_10_q0          |   in|   18|   ap_memory|                             arr_I_10|         array|
|arr_I_10_address1    |  out|    8|   ap_memory|                             arr_I_10|         array|
|arr_I_10_ce1         |  out|    1|   ap_memory|                             arr_I_10|         array|
|arr_I_10_q1          |   in|   18|   ap_memory|                             arr_I_10|         array|
|arr_I_10_address2    |  out|    8|   ap_memory|                             arr_I_10|         array|
|arr_I_10_ce2         |  out|    1|   ap_memory|                             arr_I_10|         array|
|arr_I_10_q2          |   in|   18|   ap_memory|                             arr_I_10|         array|
|arr_I_10_address3    |  out|    8|   ap_memory|                             arr_I_10|         array|
|arr_I_10_ce3         |  out|    1|   ap_memory|                             arr_I_10|         array|
|arr_I_10_q3          |   in|   18|   ap_memory|                             arr_I_10|         array|
|arr_I_11_address0    |  out|    8|   ap_memory|                             arr_I_11|         array|
|arr_I_11_ce0         |  out|    1|   ap_memory|                             arr_I_11|         array|
|arr_I_11_q0          |   in|   18|   ap_memory|                             arr_I_11|         array|
|arr_I_11_address1    |  out|    8|   ap_memory|                             arr_I_11|         array|
|arr_I_11_ce1         |  out|    1|   ap_memory|                             arr_I_11|         array|
|arr_I_11_q1          |   in|   18|   ap_memory|                             arr_I_11|         array|
|arr_I_11_address2    |  out|    8|   ap_memory|                             arr_I_11|         array|
|arr_I_11_ce2         |  out|    1|   ap_memory|                             arr_I_11|         array|
|arr_I_11_q2          |   in|   18|   ap_memory|                             arr_I_11|         array|
|arr_I_11_address3    |  out|    8|   ap_memory|                             arr_I_11|         array|
|arr_I_11_ce3         |  out|    1|   ap_memory|                             arr_I_11|         array|
|arr_I_11_q3          |   in|   18|   ap_memory|                             arr_I_11|         array|
|arr_1_I_5_address0   |  out|    6|   ap_memory|                            arr_1_I_5|         array|
|arr_1_I_5_ce0        |  out|    1|   ap_memory|                            arr_1_I_5|         array|
|arr_1_I_5_we0        |  out|    1|   ap_memory|                            arr_1_I_5|         array|
|arr_1_I_5_d0         |  out|   18|   ap_memory|                            arr_1_I_5|         array|
|arr_Q_10_address0    |  out|    8|   ap_memory|                             arr_Q_10|         array|
|arr_Q_10_ce0         |  out|    1|   ap_memory|                             arr_Q_10|         array|
|arr_Q_10_q0          |   in|   18|   ap_memory|                             arr_Q_10|         array|
|arr_Q_10_address1    |  out|    8|   ap_memory|                             arr_Q_10|         array|
|arr_Q_10_ce1         |  out|    1|   ap_memory|                             arr_Q_10|         array|
|arr_Q_10_q1          |   in|   18|   ap_memory|                             arr_Q_10|         array|
|arr_Q_10_address2    |  out|    8|   ap_memory|                             arr_Q_10|         array|
|arr_Q_10_ce2         |  out|    1|   ap_memory|                             arr_Q_10|         array|
|arr_Q_10_q2          |   in|   18|   ap_memory|                             arr_Q_10|         array|
|arr_Q_10_address3    |  out|    8|   ap_memory|                             arr_Q_10|         array|
|arr_Q_10_ce3         |  out|    1|   ap_memory|                             arr_Q_10|         array|
|arr_Q_10_q3          |   in|   18|   ap_memory|                             arr_Q_10|         array|
|arr_Q_11_address0    |  out|    8|   ap_memory|                             arr_Q_11|         array|
|arr_Q_11_ce0         |  out|    1|   ap_memory|                             arr_Q_11|         array|
|arr_Q_11_q0          |   in|   18|   ap_memory|                             arr_Q_11|         array|
|arr_Q_11_address1    |  out|    8|   ap_memory|                             arr_Q_11|         array|
|arr_Q_11_ce1         |  out|    1|   ap_memory|                             arr_Q_11|         array|
|arr_Q_11_q1          |   in|   18|   ap_memory|                             arr_Q_11|         array|
|arr_Q_11_address2    |  out|    8|   ap_memory|                             arr_Q_11|         array|
|arr_Q_11_ce2         |  out|    1|   ap_memory|                             arr_Q_11|         array|
|arr_Q_11_q2          |   in|   18|   ap_memory|                             arr_Q_11|         array|
|arr_Q_11_address3    |  out|    8|   ap_memory|                             arr_Q_11|         array|
|arr_Q_11_ce3         |  out|    1|   ap_memory|                             arr_Q_11|         array|
|arr_Q_11_q3          |   in|   18|   ap_memory|                             arr_Q_11|         array|
|arr_1_Q_5_address0   |  out|    6|   ap_memory|                            arr_1_Q_5|         array|
|arr_1_Q_5_ce0        |  out|    1|   ap_memory|                            arr_1_Q_5|         array|
|arr_1_Q_5_we0        |  out|    1|   ap_memory|                            arr_1_Q_5|         array|
|arr_1_Q_5_d0         |  out|   18|   ap_memory|                            arr_1_Q_5|         array|
|arr_I_12_address0    |  out|    8|   ap_memory|                             arr_I_12|         array|
|arr_I_12_ce0         |  out|    1|   ap_memory|                             arr_I_12|         array|
|arr_I_12_q0          |   in|   18|   ap_memory|                             arr_I_12|         array|
|arr_I_12_address1    |  out|    8|   ap_memory|                             arr_I_12|         array|
|arr_I_12_ce1         |  out|    1|   ap_memory|                             arr_I_12|         array|
|arr_I_12_q1          |   in|   18|   ap_memory|                             arr_I_12|         array|
|arr_I_12_address2    |  out|    8|   ap_memory|                             arr_I_12|         array|
|arr_I_12_ce2         |  out|    1|   ap_memory|                             arr_I_12|         array|
|arr_I_12_q2          |   in|   18|   ap_memory|                             arr_I_12|         array|
|arr_I_12_address3    |  out|    8|   ap_memory|                             arr_I_12|         array|
|arr_I_12_ce3         |  out|    1|   ap_memory|                             arr_I_12|         array|
|arr_I_12_q3          |   in|   18|   ap_memory|                             arr_I_12|         array|
|arr_I_13_address0    |  out|    8|   ap_memory|                             arr_I_13|         array|
|arr_I_13_ce0         |  out|    1|   ap_memory|                             arr_I_13|         array|
|arr_I_13_q0          |   in|   18|   ap_memory|                             arr_I_13|         array|
|arr_I_13_address1    |  out|    8|   ap_memory|                             arr_I_13|         array|
|arr_I_13_ce1         |  out|    1|   ap_memory|                             arr_I_13|         array|
|arr_I_13_q1          |   in|   18|   ap_memory|                             arr_I_13|         array|
|arr_I_13_address2    |  out|    8|   ap_memory|                             arr_I_13|         array|
|arr_I_13_ce2         |  out|    1|   ap_memory|                             arr_I_13|         array|
|arr_I_13_q2          |   in|   18|   ap_memory|                             arr_I_13|         array|
|arr_I_13_address3    |  out|    8|   ap_memory|                             arr_I_13|         array|
|arr_I_13_ce3         |  out|    1|   ap_memory|                             arr_I_13|         array|
|arr_I_13_q3          |   in|   18|   ap_memory|                             arr_I_13|         array|
|arr_1_I_6_address0   |  out|    6|   ap_memory|                            arr_1_I_6|         array|
|arr_1_I_6_ce0        |  out|    1|   ap_memory|                            arr_1_I_6|         array|
|arr_1_I_6_we0        |  out|    1|   ap_memory|                            arr_1_I_6|         array|
|arr_1_I_6_d0         |  out|   18|   ap_memory|                            arr_1_I_6|         array|
|arr_Q_12_address0    |  out|    8|   ap_memory|                             arr_Q_12|         array|
|arr_Q_12_ce0         |  out|    1|   ap_memory|                             arr_Q_12|         array|
|arr_Q_12_q0          |   in|   18|   ap_memory|                             arr_Q_12|         array|
|arr_Q_12_address1    |  out|    8|   ap_memory|                             arr_Q_12|         array|
|arr_Q_12_ce1         |  out|    1|   ap_memory|                             arr_Q_12|         array|
|arr_Q_12_q1          |   in|   18|   ap_memory|                             arr_Q_12|         array|
|arr_Q_12_address2    |  out|    8|   ap_memory|                             arr_Q_12|         array|
|arr_Q_12_ce2         |  out|    1|   ap_memory|                             arr_Q_12|         array|
|arr_Q_12_q2          |   in|   18|   ap_memory|                             arr_Q_12|         array|
|arr_Q_12_address3    |  out|    8|   ap_memory|                             arr_Q_12|         array|
|arr_Q_12_ce3         |  out|    1|   ap_memory|                             arr_Q_12|         array|
|arr_Q_12_q3          |   in|   18|   ap_memory|                             arr_Q_12|         array|
|arr_Q_13_address0    |  out|    8|   ap_memory|                             arr_Q_13|         array|
|arr_Q_13_ce0         |  out|    1|   ap_memory|                             arr_Q_13|         array|
|arr_Q_13_q0          |   in|   18|   ap_memory|                             arr_Q_13|         array|
|arr_Q_13_address1    |  out|    8|   ap_memory|                             arr_Q_13|         array|
|arr_Q_13_ce1         |  out|    1|   ap_memory|                             arr_Q_13|         array|
|arr_Q_13_q1          |   in|   18|   ap_memory|                             arr_Q_13|         array|
|arr_Q_13_address2    |  out|    8|   ap_memory|                             arr_Q_13|         array|
|arr_Q_13_ce2         |  out|    1|   ap_memory|                             arr_Q_13|         array|
|arr_Q_13_q2          |   in|   18|   ap_memory|                             arr_Q_13|         array|
|arr_Q_13_address3    |  out|    8|   ap_memory|                             arr_Q_13|         array|
|arr_Q_13_ce3         |  out|    1|   ap_memory|                             arr_Q_13|         array|
|arr_Q_13_q3          |   in|   18|   ap_memory|                             arr_Q_13|         array|
|arr_1_Q_6_address0   |  out|    6|   ap_memory|                            arr_1_Q_6|         array|
|arr_1_Q_6_ce0        |  out|    1|   ap_memory|                            arr_1_Q_6|         array|
|arr_1_Q_6_we0        |  out|    1|   ap_memory|                            arr_1_Q_6|         array|
|arr_1_Q_6_d0         |  out|   18|   ap_memory|                            arr_1_Q_6|         array|
|arr_I_14_address0    |  out|    8|   ap_memory|                             arr_I_14|         array|
|arr_I_14_ce0         |  out|    1|   ap_memory|                             arr_I_14|         array|
|arr_I_14_q0          |   in|   18|   ap_memory|                             arr_I_14|         array|
|arr_I_14_address1    |  out|    8|   ap_memory|                             arr_I_14|         array|
|arr_I_14_ce1         |  out|    1|   ap_memory|                             arr_I_14|         array|
|arr_I_14_q1          |   in|   18|   ap_memory|                             arr_I_14|         array|
|arr_I_14_address2    |  out|    8|   ap_memory|                             arr_I_14|         array|
|arr_I_14_ce2         |  out|    1|   ap_memory|                             arr_I_14|         array|
|arr_I_14_q2          |   in|   18|   ap_memory|                             arr_I_14|         array|
|arr_I_14_address3    |  out|    8|   ap_memory|                             arr_I_14|         array|
|arr_I_14_ce3         |  out|    1|   ap_memory|                             arr_I_14|         array|
|arr_I_14_q3          |   in|   18|   ap_memory|                             arr_I_14|         array|
|arr_I_15_address0    |  out|    8|   ap_memory|                             arr_I_15|         array|
|arr_I_15_ce0         |  out|    1|   ap_memory|                             arr_I_15|         array|
|arr_I_15_q0          |   in|   18|   ap_memory|                             arr_I_15|         array|
|arr_I_15_address1    |  out|    8|   ap_memory|                             arr_I_15|         array|
|arr_I_15_ce1         |  out|    1|   ap_memory|                             arr_I_15|         array|
|arr_I_15_q1          |   in|   18|   ap_memory|                             arr_I_15|         array|
|arr_I_15_address2    |  out|    8|   ap_memory|                             arr_I_15|         array|
|arr_I_15_ce2         |  out|    1|   ap_memory|                             arr_I_15|         array|
|arr_I_15_q2          |   in|   18|   ap_memory|                             arr_I_15|         array|
|arr_I_15_address3    |  out|    8|   ap_memory|                             arr_I_15|         array|
|arr_I_15_ce3         |  out|    1|   ap_memory|                             arr_I_15|         array|
|arr_I_15_q3          |   in|   18|   ap_memory|                             arr_I_15|         array|
|arr_1_I_7_address0   |  out|    6|   ap_memory|                            arr_1_I_7|         array|
|arr_1_I_7_ce0        |  out|    1|   ap_memory|                            arr_1_I_7|         array|
|arr_1_I_7_we0        |  out|    1|   ap_memory|                            arr_1_I_7|         array|
|arr_1_I_7_d0         |  out|   18|   ap_memory|                            arr_1_I_7|         array|
|arr_Q_14_address0    |  out|    8|   ap_memory|                             arr_Q_14|         array|
|arr_Q_14_ce0         |  out|    1|   ap_memory|                             arr_Q_14|         array|
|arr_Q_14_q0          |   in|   18|   ap_memory|                             arr_Q_14|         array|
|arr_Q_14_address1    |  out|    8|   ap_memory|                             arr_Q_14|         array|
|arr_Q_14_ce1         |  out|    1|   ap_memory|                             arr_Q_14|         array|
|arr_Q_14_q1          |   in|   18|   ap_memory|                             arr_Q_14|         array|
|arr_Q_14_address2    |  out|    8|   ap_memory|                             arr_Q_14|         array|
|arr_Q_14_ce2         |  out|    1|   ap_memory|                             arr_Q_14|         array|
|arr_Q_14_q2          |   in|   18|   ap_memory|                             arr_Q_14|         array|
|arr_Q_14_address3    |  out|    8|   ap_memory|                             arr_Q_14|         array|
|arr_Q_14_ce3         |  out|    1|   ap_memory|                             arr_Q_14|         array|
|arr_Q_14_q3          |   in|   18|   ap_memory|                             arr_Q_14|         array|
|arr_Q_15_address0    |  out|    8|   ap_memory|                             arr_Q_15|         array|
|arr_Q_15_ce0         |  out|    1|   ap_memory|                             arr_Q_15|         array|
|arr_Q_15_q0          |   in|   18|   ap_memory|                             arr_Q_15|         array|
|arr_Q_15_address1    |  out|    8|   ap_memory|                             arr_Q_15|         array|
|arr_Q_15_ce1         |  out|    1|   ap_memory|                             arr_Q_15|         array|
|arr_Q_15_q1          |   in|   18|   ap_memory|                             arr_Q_15|         array|
|arr_Q_15_address2    |  out|    8|   ap_memory|                             arr_Q_15|         array|
|arr_Q_15_ce2         |  out|    1|   ap_memory|                             arr_Q_15|         array|
|arr_Q_15_q2          |   in|   18|   ap_memory|                             arr_Q_15|         array|
|arr_Q_15_address3    |  out|    8|   ap_memory|                             arr_Q_15|         array|
|arr_Q_15_ce3         |  out|    1|   ap_memory|                             arr_Q_15|         array|
|arr_Q_15_q3          |   in|   18|   ap_memory|                             arr_Q_15|         array|
|arr_1_Q_7_address0   |  out|    6|   ap_memory|                            arr_1_Q_7|         array|
|arr_1_Q_7_ce0        |  out|    1|   ap_memory|                            arr_1_Q_7|         array|
|arr_1_Q_7_we0        |  out|    1|   ap_memory|                            arr_1_Q_7|         array|
|arr_1_Q_7_d0         |  out|   18|   ap_memory|                            arr_1_Q_7|         array|
|arr_1_I_8_address0   |  out|    6|   ap_memory|                            arr_1_I_8|         array|
|arr_1_I_8_ce0        |  out|    1|   ap_memory|                            arr_1_I_8|         array|
|arr_1_I_8_we0        |  out|    1|   ap_memory|                            arr_1_I_8|         array|
|arr_1_I_8_d0         |  out|   18|   ap_memory|                            arr_1_I_8|         array|
|arr_1_Q_8_address0   |  out|    6|   ap_memory|                            arr_1_Q_8|         array|
|arr_1_Q_8_ce0        |  out|    1|   ap_memory|                            arr_1_Q_8|         array|
|arr_1_Q_8_we0        |  out|    1|   ap_memory|                            arr_1_Q_8|         array|
|arr_1_Q_8_d0         |  out|   18|   ap_memory|                            arr_1_Q_8|         array|
|arr_1_I_9_address0   |  out|    6|   ap_memory|                            arr_1_I_9|         array|
|arr_1_I_9_ce0        |  out|    1|   ap_memory|                            arr_1_I_9|         array|
|arr_1_I_9_we0        |  out|    1|   ap_memory|                            arr_1_I_9|         array|
|arr_1_I_9_d0         |  out|   18|   ap_memory|                            arr_1_I_9|         array|
|arr_1_Q_9_address0   |  out|    6|   ap_memory|                            arr_1_Q_9|         array|
|arr_1_Q_9_ce0        |  out|    1|   ap_memory|                            arr_1_Q_9|         array|
|arr_1_Q_9_we0        |  out|    1|   ap_memory|                            arr_1_Q_9|         array|
|arr_1_Q_9_d0         |  out|   18|   ap_memory|                            arr_1_Q_9|         array|
|arr_1_I_10_address0  |  out|    6|   ap_memory|                           arr_1_I_10|         array|
|arr_1_I_10_ce0       |  out|    1|   ap_memory|                           arr_1_I_10|         array|
|arr_1_I_10_we0       |  out|    1|   ap_memory|                           arr_1_I_10|         array|
|arr_1_I_10_d0        |  out|   18|   ap_memory|                           arr_1_I_10|         array|
|arr_1_Q_10_address0  |  out|    6|   ap_memory|                           arr_1_Q_10|         array|
|arr_1_Q_10_ce0       |  out|    1|   ap_memory|                           arr_1_Q_10|         array|
|arr_1_Q_10_we0       |  out|    1|   ap_memory|                           arr_1_Q_10|         array|
|arr_1_Q_10_d0        |  out|   18|   ap_memory|                           arr_1_Q_10|         array|
|arr_1_I_11_address0  |  out|    6|   ap_memory|                           arr_1_I_11|         array|
|arr_1_I_11_ce0       |  out|    1|   ap_memory|                           arr_1_I_11|         array|
|arr_1_I_11_we0       |  out|    1|   ap_memory|                           arr_1_I_11|         array|
|arr_1_I_11_d0        |  out|   18|   ap_memory|                           arr_1_I_11|         array|
|arr_1_Q_11_address0  |  out|    6|   ap_memory|                           arr_1_Q_11|         array|
|arr_1_Q_11_ce0       |  out|    1|   ap_memory|                           arr_1_Q_11|         array|
|arr_1_Q_11_we0       |  out|    1|   ap_memory|                           arr_1_Q_11|         array|
|arr_1_Q_11_d0        |  out|   18|   ap_memory|                           arr_1_Q_11|         array|
|arr_1_I_12_address0  |  out|    6|   ap_memory|                           arr_1_I_12|         array|
|arr_1_I_12_ce0       |  out|    1|   ap_memory|                           arr_1_I_12|         array|
|arr_1_I_12_we0       |  out|    1|   ap_memory|                           arr_1_I_12|         array|
|arr_1_I_12_d0        |  out|   18|   ap_memory|                           arr_1_I_12|         array|
|arr_1_Q_12_address0  |  out|    6|   ap_memory|                           arr_1_Q_12|         array|
|arr_1_Q_12_ce0       |  out|    1|   ap_memory|                           arr_1_Q_12|         array|
|arr_1_Q_12_we0       |  out|    1|   ap_memory|                           arr_1_Q_12|         array|
|arr_1_Q_12_d0        |  out|   18|   ap_memory|                           arr_1_Q_12|         array|
|arr_1_I_13_address0  |  out|    6|   ap_memory|                           arr_1_I_13|         array|
|arr_1_I_13_ce0       |  out|    1|   ap_memory|                           arr_1_I_13|         array|
|arr_1_I_13_we0       |  out|    1|   ap_memory|                           arr_1_I_13|         array|
|arr_1_I_13_d0        |  out|   18|   ap_memory|                           arr_1_I_13|         array|
|arr_1_Q_13_address0  |  out|    6|   ap_memory|                           arr_1_Q_13|         array|
|arr_1_Q_13_ce0       |  out|    1|   ap_memory|                           arr_1_Q_13|         array|
|arr_1_Q_13_we0       |  out|    1|   ap_memory|                           arr_1_Q_13|         array|
|arr_1_Q_13_d0        |  out|   18|   ap_memory|                           arr_1_Q_13|         array|
|arr_1_I_14_address0  |  out|    6|   ap_memory|                           arr_1_I_14|         array|
|arr_1_I_14_ce0       |  out|    1|   ap_memory|                           arr_1_I_14|         array|
|arr_1_I_14_we0       |  out|    1|   ap_memory|                           arr_1_I_14|         array|
|arr_1_I_14_d0        |  out|   18|   ap_memory|                           arr_1_I_14|         array|
|arr_1_Q_14_address0  |  out|    6|   ap_memory|                           arr_1_Q_14|         array|
|arr_1_Q_14_ce0       |  out|    1|   ap_memory|                           arr_1_Q_14|         array|
|arr_1_Q_14_we0       |  out|    1|   ap_memory|                           arr_1_Q_14|         array|
|arr_1_Q_14_d0        |  out|   18|   ap_memory|                           arr_1_Q_14|         array|
|arr_1_I_15_address0  |  out|    6|   ap_memory|                           arr_1_I_15|         array|
|arr_1_I_15_ce0       |  out|    1|   ap_memory|                           arr_1_I_15|         array|
|arr_1_I_15_we0       |  out|    1|   ap_memory|                           arr_1_I_15|         array|
|arr_1_I_15_d0        |  out|   18|   ap_memory|                           arr_1_I_15|         array|
|arr_1_Q_15_address0  |  out|    6|   ap_memory|                           arr_1_Q_15|         array|
|arr_1_Q_15_ce0       |  out|    1|   ap_memory|                           arr_1_Q_15|         array|
|arr_1_Q_15_we0       |  out|    1|   ap_memory|                           arr_1_Q_15|         array|
|arr_1_Q_15_d0        |  out|   18|   ap_memory|                           arr_1_Q_15|         array|
|arr_1_I_16_address0  |  out|    6|   ap_memory|                           arr_1_I_16|         array|
|arr_1_I_16_ce0       |  out|    1|   ap_memory|                           arr_1_I_16|         array|
|arr_1_I_16_we0       |  out|    1|   ap_memory|                           arr_1_I_16|         array|
|arr_1_I_16_d0        |  out|   18|   ap_memory|                           arr_1_I_16|         array|
|arr_1_Q_16_address0  |  out|    6|   ap_memory|                           arr_1_Q_16|         array|
|arr_1_Q_16_ce0       |  out|    1|   ap_memory|                           arr_1_Q_16|         array|
|arr_1_Q_16_we0       |  out|    1|   ap_memory|                           arr_1_Q_16|         array|
|arr_1_Q_16_d0        |  out|   18|   ap_memory|                           arr_1_Q_16|         array|
|arr_1_I_17_address0  |  out|    6|   ap_memory|                           arr_1_I_17|         array|
|arr_1_I_17_ce0       |  out|    1|   ap_memory|                           arr_1_I_17|         array|
|arr_1_I_17_we0       |  out|    1|   ap_memory|                           arr_1_I_17|         array|
|arr_1_I_17_d0        |  out|   18|   ap_memory|                           arr_1_I_17|         array|
|arr_1_Q_17_address0  |  out|    6|   ap_memory|                           arr_1_Q_17|         array|
|arr_1_Q_17_ce0       |  out|    1|   ap_memory|                           arr_1_Q_17|         array|
|arr_1_Q_17_we0       |  out|    1|   ap_memory|                           arr_1_Q_17|         array|
|arr_1_Q_17_d0        |  out|   18|   ap_memory|                           arr_1_Q_17|         array|
|arr_1_I_18_address0  |  out|    6|   ap_memory|                           arr_1_I_18|         array|
|arr_1_I_18_ce0       |  out|    1|   ap_memory|                           arr_1_I_18|         array|
|arr_1_I_18_we0       |  out|    1|   ap_memory|                           arr_1_I_18|         array|
|arr_1_I_18_d0        |  out|   18|   ap_memory|                           arr_1_I_18|         array|
|arr_1_Q_18_address0  |  out|    6|   ap_memory|                           arr_1_Q_18|         array|
|arr_1_Q_18_ce0       |  out|    1|   ap_memory|                           arr_1_Q_18|         array|
|arr_1_Q_18_we0       |  out|    1|   ap_memory|                           arr_1_Q_18|         array|
|arr_1_Q_18_d0        |  out|   18|   ap_memory|                           arr_1_Q_18|         array|
|arr_1_I_19_address0  |  out|    6|   ap_memory|                           arr_1_I_19|         array|
|arr_1_I_19_ce0       |  out|    1|   ap_memory|                           arr_1_I_19|         array|
|arr_1_I_19_we0       |  out|    1|   ap_memory|                           arr_1_I_19|         array|
|arr_1_I_19_d0        |  out|   18|   ap_memory|                           arr_1_I_19|         array|
|arr_1_Q_19_address0  |  out|    6|   ap_memory|                           arr_1_Q_19|         array|
|arr_1_Q_19_ce0       |  out|    1|   ap_memory|                           arr_1_Q_19|         array|
|arr_1_Q_19_we0       |  out|    1|   ap_memory|                           arr_1_Q_19|         array|
|arr_1_Q_19_d0        |  out|   18|   ap_memory|                           arr_1_Q_19|         array|
|arr_1_I_20_address0  |  out|    6|   ap_memory|                           arr_1_I_20|         array|
|arr_1_I_20_ce0       |  out|    1|   ap_memory|                           arr_1_I_20|         array|
|arr_1_I_20_we0       |  out|    1|   ap_memory|                           arr_1_I_20|         array|
|arr_1_I_20_d0        |  out|   18|   ap_memory|                           arr_1_I_20|         array|
|arr_1_Q_20_address0  |  out|    6|   ap_memory|                           arr_1_Q_20|         array|
|arr_1_Q_20_ce0       |  out|    1|   ap_memory|                           arr_1_Q_20|         array|
|arr_1_Q_20_we0       |  out|    1|   ap_memory|                           arr_1_Q_20|         array|
|arr_1_Q_20_d0        |  out|   18|   ap_memory|                           arr_1_Q_20|         array|
|arr_1_I_21_address0  |  out|    6|   ap_memory|                           arr_1_I_21|         array|
|arr_1_I_21_ce0       |  out|    1|   ap_memory|                           arr_1_I_21|         array|
|arr_1_I_21_we0       |  out|    1|   ap_memory|                           arr_1_I_21|         array|
|arr_1_I_21_d0        |  out|   18|   ap_memory|                           arr_1_I_21|         array|
|arr_1_Q_21_address0  |  out|    6|   ap_memory|                           arr_1_Q_21|         array|
|arr_1_Q_21_ce0       |  out|    1|   ap_memory|                           arr_1_Q_21|         array|
|arr_1_Q_21_we0       |  out|    1|   ap_memory|                           arr_1_Q_21|         array|
|arr_1_Q_21_d0        |  out|   18|   ap_memory|                           arr_1_Q_21|         array|
|arr_1_I_22_address0  |  out|    6|   ap_memory|                           arr_1_I_22|         array|
|arr_1_I_22_ce0       |  out|    1|   ap_memory|                           arr_1_I_22|         array|
|arr_1_I_22_we0       |  out|    1|   ap_memory|                           arr_1_I_22|         array|
|arr_1_I_22_d0        |  out|   18|   ap_memory|                           arr_1_I_22|         array|
|arr_1_Q_22_address0  |  out|    6|   ap_memory|                           arr_1_Q_22|         array|
|arr_1_Q_22_ce0       |  out|    1|   ap_memory|                           arr_1_Q_22|         array|
|arr_1_Q_22_we0       |  out|    1|   ap_memory|                           arr_1_Q_22|         array|
|arr_1_Q_22_d0        |  out|   18|   ap_memory|                           arr_1_Q_22|         array|
|arr_1_I_23_address0  |  out|    6|   ap_memory|                           arr_1_I_23|         array|
|arr_1_I_23_ce0       |  out|    1|   ap_memory|                           arr_1_I_23|         array|
|arr_1_I_23_we0       |  out|    1|   ap_memory|                           arr_1_I_23|         array|
|arr_1_I_23_d0        |  out|   18|   ap_memory|                           arr_1_I_23|         array|
|arr_1_Q_23_address0  |  out|    6|   ap_memory|                           arr_1_Q_23|         array|
|arr_1_Q_23_ce0       |  out|    1|   ap_memory|                           arr_1_Q_23|         array|
|arr_1_Q_23_we0       |  out|    1|   ap_memory|                           arr_1_Q_23|         array|
|arr_1_Q_23_d0        |  out|   18|   ap_memory|                           arr_1_Q_23|         array|
|arr_1_I_24_address0  |  out|    6|   ap_memory|                           arr_1_I_24|         array|
|arr_1_I_24_ce0       |  out|    1|   ap_memory|                           arr_1_I_24|         array|
|arr_1_I_24_we0       |  out|    1|   ap_memory|                           arr_1_I_24|         array|
|arr_1_I_24_d0        |  out|   18|   ap_memory|                           arr_1_I_24|         array|
|arr_1_Q_24_address0  |  out|    6|   ap_memory|                           arr_1_Q_24|         array|
|arr_1_Q_24_ce0       |  out|    1|   ap_memory|                           arr_1_Q_24|         array|
|arr_1_Q_24_we0       |  out|    1|   ap_memory|                           arr_1_Q_24|         array|
|arr_1_Q_24_d0        |  out|   18|   ap_memory|                           arr_1_Q_24|         array|
|arr_1_I_25_address0  |  out|    6|   ap_memory|                           arr_1_I_25|         array|
|arr_1_I_25_ce0       |  out|    1|   ap_memory|                           arr_1_I_25|         array|
|arr_1_I_25_we0       |  out|    1|   ap_memory|                           arr_1_I_25|         array|
|arr_1_I_25_d0        |  out|   18|   ap_memory|                           arr_1_I_25|         array|
|arr_1_Q_25_address0  |  out|    6|   ap_memory|                           arr_1_Q_25|         array|
|arr_1_Q_25_ce0       |  out|    1|   ap_memory|                           arr_1_Q_25|         array|
|arr_1_Q_25_we0       |  out|    1|   ap_memory|                           arr_1_Q_25|         array|
|arr_1_Q_25_d0        |  out|   18|   ap_memory|                           arr_1_Q_25|         array|
|arr_1_I_26_address0  |  out|    6|   ap_memory|                           arr_1_I_26|         array|
|arr_1_I_26_ce0       |  out|    1|   ap_memory|                           arr_1_I_26|         array|
|arr_1_I_26_we0       |  out|    1|   ap_memory|                           arr_1_I_26|         array|
|arr_1_I_26_d0        |  out|   18|   ap_memory|                           arr_1_I_26|         array|
|arr_1_Q_26_address0  |  out|    6|   ap_memory|                           arr_1_Q_26|         array|
|arr_1_Q_26_ce0       |  out|    1|   ap_memory|                           arr_1_Q_26|         array|
|arr_1_Q_26_we0       |  out|    1|   ap_memory|                           arr_1_Q_26|         array|
|arr_1_Q_26_d0        |  out|   18|   ap_memory|                           arr_1_Q_26|         array|
|arr_1_I_27_address0  |  out|    6|   ap_memory|                           arr_1_I_27|         array|
|arr_1_I_27_ce0       |  out|    1|   ap_memory|                           arr_1_I_27|         array|
|arr_1_I_27_we0       |  out|    1|   ap_memory|                           arr_1_I_27|         array|
|arr_1_I_27_d0        |  out|   18|   ap_memory|                           arr_1_I_27|         array|
|arr_1_Q_27_address0  |  out|    6|   ap_memory|                           arr_1_Q_27|         array|
|arr_1_Q_27_ce0       |  out|    1|   ap_memory|                           arr_1_Q_27|         array|
|arr_1_Q_27_we0       |  out|    1|   ap_memory|                           arr_1_Q_27|         array|
|arr_1_Q_27_d0        |  out|   18|   ap_memory|                           arr_1_Q_27|         array|
|arr_1_I_28_address0  |  out|    6|   ap_memory|                           arr_1_I_28|         array|
|arr_1_I_28_ce0       |  out|    1|   ap_memory|                           arr_1_I_28|         array|
|arr_1_I_28_we0       |  out|    1|   ap_memory|                           arr_1_I_28|         array|
|arr_1_I_28_d0        |  out|   18|   ap_memory|                           arr_1_I_28|         array|
|arr_1_Q_28_address0  |  out|    6|   ap_memory|                           arr_1_Q_28|         array|
|arr_1_Q_28_ce0       |  out|    1|   ap_memory|                           arr_1_Q_28|         array|
|arr_1_Q_28_we0       |  out|    1|   ap_memory|                           arr_1_Q_28|         array|
|arr_1_Q_28_d0        |  out|   18|   ap_memory|                           arr_1_Q_28|         array|
|arr_1_I_29_address0  |  out|    6|   ap_memory|                           arr_1_I_29|         array|
|arr_1_I_29_ce0       |  out|    1|   ap_memory|                           arr_1_I_29|         array|
|arr_1_I_29_we0       |  out|    1|   ap_memory|                           arr_1_I_29|         array|
|arr_1_I_29_d0        |  out|   18|   ap_memory|                           arr_1_I_29|         array|
|arr_1_Q_29_address0  |  out|    6|   ap_memory|                           arr_1_Q_29|         array|
|arr_1_Q_29_ce0       |  out|    1|   ap_memory|                           arr_1_Q_29|         array|
|arr_1_Q_29_we0       |  out|    1|   ap_memory|                           arr_1_Q_29|         array|
|arr_1_Q_29_d0        |  out|   18|   ap_memory|                           arr_1_Q_29|         array|
|arr_1_I_30_address0  |  out|    6|   ap_memory|                           arr_1_I_30|         array|
|arr_1_I_30_ce0       |  out|    1|   ap_memory|                           arr_1_I_30|         array|
|arr_1_I_30_we0       |  out|    1|   ap_memory|                           arr_1_I_30|         array|
|arr_1_I_30_d0        |  out|   18|   ap_memory|                           arr_1_I_30|         array|
|arr_1_Q_30_address0  |  out|    6|   ap_memory|                           arr_1_Q_30|         array|
|arr_1_Q_30_ce0       |  out|    1|   ap_memory|                           arr_1_Q_30|         array|
|arr_1_Q_30_we0       |  out|    1|   ap_memory|                           arr_1_Q_30|         array|
|arr_1_Q_30_d0        |  out|   18|   ap_memory|                           arr_1_Q_30|         array|
|arr_1_I_31_address0  |  out|    6|   ap_memory|                           arr_1_I_31|         array|
|arr_1_I_31_ce0       |  out|    1|   ap_memory|                           arr_1_I_31|         array|
|arr_1_I_31_we0       |  out|    1|   ap_memory|                           arr_1_I_31|         array|
|arr_1_I_31_d0        |  out|   18|   ap_memory|                           arr_1_I_31|         array|
|arr_1_Q_31_address0  |  out|    6|   ap_memory|                           arr_1_Q_31|         array|
|arr_1_Q_31_ce0       |  out|    1|   ap_memory|                           arr_1_Q_31|         array|
|arr_1_Q_31_we0       |  out|    1|   ap_memory|                           arr_1_Q_31|         array|
|arr_1_Q_31_d0        |  out|   18|   ap_memory|                           arr_1_Q_31|         array|
+---------------------+-----+-----+------------+-------------------------------------+--------------+

